// Jest Snapshot v1, https://goo.gl/fbAQLP

exports[`Should VideoPlayer render correctly 1`] = `
<video
  className=""
  height="175"
  width="280"
/>
`;
