// Jest Snapshot v1, https://goo.gl/fbAQLP

exports[`Should PlayerControls render correctly 1`] = `
<div
  className="player__controls-row"
>
  <div
    className="player__time"
  >
    <progress
      className="player__progress"
      max="100"
      value={0.8333333333333334}
    />
    <div
      className="player__toggler"
      style={
        Object {
          "left": "0.8333333333333334%",
        }
      }
    >
      Toggler
    </div>
  </div>
  <div
    className="player__time-value"
  >
    00:09:55
  </div>
</div>
`;
