// Jest Snapshot v1, https://goo.gl/fbAQLP

exports[`Should Overview render correctly 1`] = `
Array [
  <div
    className="movie-rating"
  >
    <div
      className="movie-rating__score"
    >
      8
    </div>
    <p
      className="movie-rating__meta"
    >
      <span
        className="movie-rating__level"
      >
        Very good
      </span>
      <span
        className="movie-rating__count"
      >
        240 ratings
      </span>
    </p>
  </div>,
  <div
    className="movie-card__text"
  >
    <p>
      In late 1823, Hugh Glass guides Captain Andrew Henry's trappers through territory of the present day Dakotas.
    </p>
    <p
      className="movie-card__director"
    >
      <strong>
        Director: 
        David Yates
      </strong>
    </p>
    <p
      className="movie-card__starring"
    >
      <strong>
        Starring: 
        Rami Malek, Jon Finch, Cate Blanchett
         and other
      </strong>
    </p>
  </div>,
]
`;
